<div class="line">
  <div class="data" data-tag="inode" data-xpath="/top/data/entry[name = 'xx-00000000']/inode"> 12</div>
  <div class="text"> </div>
  <div class="data" data-tag="blocks" data-xpath="/top/data/entry[name = 'xx-00000000']/blocks">1234</div>
  <div class="text"> </div>
  <div class="data" data-tag="mode" data-xpath="/top/data/entry[name = 'xx-00000000']/mode">mode</div>
  <div class="text"> </div>
  <div class="data" data-tag="links" data-xpath="/top/data/entry[name = 'xx-00000000']/links">12</div>
  <div class="text"> </div>
  <div class="data" data-tag="user" data-xpath="/top/data/entry[name = 'xx-00000000']/user">phil</div>
  <div class="text">  </div>
  <div class="data" data-tag="group" data-xpath="/top/data/entry[name = 'xx-00000000']/group">phil</div>
  <div class="text">  </div>
  <div class="data" data-tag="flags" data-xpath="/top/data/entry[name = 'xx-00000000']/flags">123</div>
  <div class="text"> </div>
  <div class="data" data-tag="label" data-xpath="/top/data/entry[name = 'xx-00000000']/label">1234</div>
  <div class="text"> </div>
  <div class="data" data-tag="size" data-xpath="/top/data/entry[name = 'xx-00000000']/size">12345</div>
  <div class="text"> </div>
  <div class="data" data-tag="modify-time" data-xpath="/top/data/entry[name = 'xx-00000000']/modify-time"> 8 Feb 21:30</div>
  <div class="text"> </div>
  <div class="data" data-tag="name" data-xpath="/top/data/entry/name">xx-00000000</div>
</div>
<div class="line">
  <div class="data" data-tag="inode" data-xpath="/top/data/entry[name = 'xx-00000001']/inode"> 12</div>
  <div class="text"> </div>
  <div class="data" data-tag="blocks" data-xpath="/top/data/entry[name = 'xx-00000001']/blocks">1234</div>
  <div class="text"> </div>
  <div class="data" data-tag="mode" data-xpath="/top/data/entry[name = 'xx-00000001']/mode">mode</div>
  <div class="text"> </div>
  <div class="data" data-tag="links" data-xpath="/top/data/entry[name = 'xx-00000001']/links">12</div>
  <div class="text"> </div>
  <div class="data" data-tag="user" data-xpath="/top/data/entry[name = 'xx-00000001']/user">phil</div>
  <div class="text">  </div>
  <div class="data" data-tag="group" data-xpath="/top/data/entry[name = 'xx-00000001']/group">phil</div>
  <div class="text">  </div>
  <div class="data" data-tag="flags" data-xpath="/top/data/entry[name = 'xx-00000001']/flags">123</div>
  <div class="text"> </div>
  <div class="data" data-tag="label" data-xpath="/top/data/entry[name = 'xx-00000001']/label">1234</div>
  <div class="text"> </div>
  <div class="data" data-tag="size" data-xpath="/top/data/entry[name = 'xx-00000001']/size">12345</div>
  <div class="text"> </div>
  <div class="data" data-tag="modify-time" data-xpath="/top/data/entry[name = 'xx-00000001']/modify-time"> 8 Feb 21:30</div>
  <div class="text"> </div>
  <div class="data" data-tag="name" data-xpath="/top/data/entry/name">xx-00000001</div>
</div>
<div class="line">
  <div class="data" data-tag="inode" data-xpath="/top/data/entry[name = 'xx-00000002']/inode"> 12</div>
  <div class="text"> </div>
  <div class="data" data-tag="blocks" data-xpath="/top/data/entry[name = 'xx-00000002']/blocks">1234</div>
  <div class="text"> </div>
  <div class="data" data-tag="mode" data-xpath="/top/data/entry[name = 'xx-00000002']/mode">mode</div>
  <div class="text"> </div>
  <div class="data" data-tag="links" data-xpath="/top/data/entry[name = 'xx-00000002']/links">12</div>
  <div class="text"> </div>
  <div class="data" data-tag="user" data-xpath="/top/data/entry[name = 'xx-00000002']/user">phil</div>
  <div class="text">  </div>
  <div class="data" data-tag="group" data-xpath="/top/data/entry[name = 'xx-00000002']/group">phil</div>
  <div class="text">  </div>
  <div class="data" data-tag="flags" data-xpath="/top/data/entry[name = 'xx-00000002']/flags">123</div>
  <div class="text"> </div>
  <div class="data" data-tag="label" data-xpath="/top/data/entry[name = 'xx-00000002']/label">1234</div>
  <div class="text"> </div>
  <div class="data" data-tag="size" data-xpath="/top/data/entry[name = 'xx-00000002']/size">12345</div>
  <div class="text"> </div>
  <div class="data" data-tag="modify-time" data-xpath="/top/data/entry[name = 'xx-00000002']/modify-time"> 8 Feb 21:30</div>
  <div class="text"> </div>
  <div class="data" data-tag="name" data-xpath="/top/data/entry/name">xx-00000002</div>
</div>
<div class="line">
  <div class="data" data-tag="inode" data-xpath="/top/data/entry[name = 'xx-00000003']/inode"> 12</div>
  <div class="text"> </div>
  <div class="data" data-tag="blocks" data-xpath="/top/data/entry[name = 'xx-00000003']/blocks">1234</div>
  <div class="text"> </div>
  <div class="data" data-tag="mode" data-xpath="/top/data/entry[name = 'xx-00000003']/mode">mode</div>
  <div class="text"> </div>
  <div class="data" data-tag="links" data-xpath="/top/data/entry[name = 'xx-00000003']/links">12</div>
  <div class="text"> </div>
  <div class="data" data-tag="user" data-xpath="/top/data/entry[name = 'xx-00000003']/user">phil</div>
  <div class="text">  </div>
  <div class="data" data-tag="group" data-xpath="/top/data/entry[name = 'xx-00000003']/group">phil</div>
  <div class="text">  </div>
  <div class="data" data-tag="flags" data-xpath="/top/data/entry[name = 'xx-00000003']/flags">123</div>
  <div class="text"> </div>
  <div class="data" data-tag="label" data-xpath="/top/data/entry[name = 'xx-00000003']/label">1234</div>
  <div class="text"> </div>
  <div class="data" data-tag="size" data-xpath="/top/data/entry[name = 'xx-00000003']/size">12345</div>
  <div class="text"> </div>
  <div class="data" data-tag="modify-time" data-xpath="/top/data/entry[name = 'xx-00000003']/modify-time"> 8 Feb 21:30</div>
  <div class="text"> </div>
  <div class="data" data-tag="name" data-xpath="/top/data/entry/name">xx-00000003</div>
</div>
<div class="line">
  <div class="data" data-tag="inode" data-xpath="/top/data/entry[name = 'xx-00000004']/inode"> 12</div>
  <div class="text"> </div>
  <div class="data" data-tag="blocks" data-xpath="/top/data/entry[name = 'xx-00000004']/blocks">1234</div>
  <div class="text"> </div>
  <div class="data" data-tag="mode" data-xpath="/top/data/entry[name = 'xx-00000004']/mode">mode</div>
  <div class="text"> </div>
  <div class="data" data-tag="links" data-xpath="/top/data/entry[name = 'xx-00000004']/links">12</div>
  <div class="text"> </div>
  <div class="data" data-tag="user" data-xpath="/top/data/entry[name = 'xx-00000004']/user">phil</div>
  <div class="text">  </div>
  <div class="data" data-tag="group" data-xpath="/top/data/entry[name = 'xx-00000004']/group">phil</div>
  <div class="text">  </div>
  <div class="data" data-tag="flags" data-xpath="/top/data/entry[name = 'xx-00000004']/flags">123</div>
  <div class="text"> </div>
  <div class="data" data-tag="label" data-xpath="/top/data/entry[name = 'xx-00000004']/label">1234</div>
  <div class="text"> </div>
  <div class="data" data-tag="size" data-xpath="/top/data/entry[name = 'xx-00000004']/size">12345</div>
  <div class="text"> </div>
  <div class="data" data-tag="modify-time" data-xpath="/top/data/entry[name = 'xx-00000004']/modify-time"> 8 Feb 21:30</div>
  <div class="text"> </div>
  <div class="data" data-tag="name" data-xpath="/top/data/entry/name">xx-00000004</div>
</div>
<div class="line">
  <div class="data" data-tag="inode" data-xpath="/top/data/entry[name = 'xx-00000005']/inode"> 12</div>
  <div class="text"> </div>
  <div class="data" data-tag="blocks" data-xpath="/top/data/entry[name = 'xx-00000005']/blocks">1234</div>
  <div class="text"> </div>
  <div class="data" data-tag="mode" data-xpath="/top/data/entry[name = 'xx-00000005']/mode">mode</div>
  <div class="text"> </div>
  <div class="data" data-tag="links" data-xpath="/top/data/entry[name = 'xx-00000005']/links">12</div>
  <div class="text"> </div>
  <div class="data" data-tag="user" data-xpath="/top/data/entry[name = 'xx-00000005']/user">phil</div>
  <div class="text">  </div>
  <div class="data" data-tag="group" data-xpath="/top/data/entry[name = 'xx-00000005']/group">phil</div>
  <div class="text">  </div>
  <div class="data" data-tag="flags" data-xpath="/top/data/entry[name = 'xx-00000005']/flags">123</div>
  <div class="text"> </div>
  <div class="data" data-tag="label" data-xpath="/top/data/entry[name = 'xx-00000005']/label">1234</div>
  <div class="text"> </div>
  <div class="data" data-tag="size" data-xpath="/top/data/entry[name = 'xx-00000005']/size">12345</div>
  <div class="text"> </div>
  <div class="data" data-tag="modify-time" data-xpath="/top/data/entry[name = 'xx-00000005']/modify-time"> 8 Feb 21:30</div>
  <div class="text"> </div>
  <div class="data" data-tag="name" data-xpath="/top/data/entry/name">xx-00000005</div>
</div>
<div class="line">
  <div class="data" data-tag="inode" data-xpath="/top/data/entry[name = 'xx-00000006']/inode"> 12</div>
  <div class="text"> </div>
  <div class="data" data-tag="blocks" data-xpath="/top/data/entry[name = 'xx-00000006']/blocks">1234</div>
  <div class="text"> </div>
  <div class="data" data-tag="mode" data-xpath="/top/data/entry[name = 'xx-00000006']/mode">mode</div>
  <div class="text"> </div>
  <div class="data" data-tag="links" data-xpath="/top/data/entry[name = 'xx-00000006']/links">12</div>
  <div class="text"> </div>
  <div class="data" data-tag="user" data-xpath="/top/data/entry[name = 'xx-00000006']/user">phil</div>
  <div class="text">  </div>
  <div class="data" data-tag="group" data-xpath="/top/data/entry[name = 'xx-00000006']/group">phil</div>
  <div class="text">  </div>
  <div class="data" data-tag="flags" data-xpath="/top/data/entry[name = 'xx-00000006']/flags">123</div>
  <div class="text"> </div>
  <div class="data" data-tag="label" data-xpath="/top/data/entry[name = 'xx-00000006']/label">1234</div>
  <div class="text"> </div>
  <div class="data" data-tag="size" data-xpath="/top/data/entry[name = 'xx-00000006']/size">12345</div>
  <div class="text"> </div>
  <div class="data" data-tag="modify-time" data-xpath="/top/data/entry[name = 'xx-00000006']/modify-time"> 8 Feb 21:30</div>
  <div class="text"> </div>
  <div class="data" data-tag="name" data-xpath="/top/data/entry/name">xx-00000006</div>
</div>
<div class="line">
  <div class="data" data-tag="inode" data-xpath="/top/data/entry[name = 'xx-00000007']/inode"> 12</div>
  <div class="text"> </div>
  <div class="data" data-tag="blocks" data-xpath="/top/data/entry[name = 'xx-00000007']/blocks">1234</div>
  <div class="text"> </div>
  <div class="data" data-tag="mode" data-xpath="/top/data/entry[name = 'xx-00000007']/mode">mode</div>
  <div class="text"> </div>
  <div class="data" data-tag="links" data-xpath="/top/data/entry[name = 'xx-00000007']/links">12</div>
  <div class="text"> </div>
  <div class="data" data-tag="user" data-xpath="/top/data/entry[name = 'xx-00000007']/user">phil</div>
  <div class="text">  </div>
  <div class="data" data-tag="group" data-xpath="/top/data/entry[name = 'xx-00000007']/group">phil</div>
  <div class="text">  </div>
  <div class="data" data-tag="flags" data-xpath="/top/data/entry[name = 'xx-00000007']/flags">123</div>
  <div class="text"> </div>
  <div class="data" data-tag="label" data-xpath="/top/data/entry[name = 'xx-00000007']/label">1234</div>
  <div class="text"> </div>
  <div class="data" data-tag="size" data-xpath="/top/data/entry[name = 'xx-00000007']/size">12345</div>
  <div class="text"> </div>
  <div class="data" data-tag="modify-time" data-xpath="/top/data/entry[name = 'xx-00000007']/modify-time"> 8 Feb 21:30</div>
  <div class="text"> </div>
  <div class="data" data-tag="name" data-xpath="/top/data/entry/name">xx-00000007</div>
</div>
<div class="line">
  <div class="data" data-tag="inode" data-xpath="/top/data/entry[name = 'xx-00000008']/inode"> 12</div>
  <div class="text"> </div>
  <div class="data" data-tag="blocks" data-xpath="/top/data/entry[name = 'xx-00000008']/blocks">1234</div>
  <div class="text"> </div>
  <div class="data" data-tag="mode" data-xpath="/top/data/entry[name = 'xx-00000008']/mode">mode</div>
  <div class="text"> </div>
  <div class="data" data-tag="links" data-xpath="/top/data/entry[name = 'xx-00000008']/links">12</div>
  <div class="text"> </div>
  <div class="data" data-tag="user" data-xpath="/top/data/entry[name = 'xx-00000008']/user">phil</div>
  <div class="text">  </div>
  <div class="data" data-tag="group" data-xpath="/top/data/entry[name = 'xx-00000008']/group">phil</div>
  <div class="text">  </div>
  <div class="data" data-tag="flags" data-xpath="/top/data/entry[name = 'xx-00000008']/flags">123</div>
  <div class="text"> </div>
  <div class="data" data-tag="label" data-xpath="/top/data/entry[name = 'xx-00000008']/label">1234</div>
  <div class="text"> </div>
  <div class="data" data-tag="size" data-xpath="/top/data/entry[name = 'xx-00000008']/size">12345</div>
  <div class="text"> </div>
  <div class="data" data-tag="modify-time" data-xpath="/top/data/entry[name = 'xx-00000008']/modify-time"> 8 Feb 21:30</div>
  <div class="text"> </div>
  <div class="data" data-tag="name" data-xpath="/top/data/entry/name">xx-00000008</div>
</div>
<div class="line">
  <div class="data" data-tag="inode" data-xpath="/top/data/entry[name = 'xx-00000009']/inode"> 12</div>
  <div class="text"> </div>
  <div class="data" data-tag="blocks" data-xpath="/top/data/entry[name = 'xx-00000009']/blocks">1234</div>
  <div class="text"> </div>
  <div class="data" data-tag="mode" data-xpath="/top/data/entry[name = 'xx-00000009']/mode">mode</div>
  <div class="text"> </div>
  <div class="data" data-tag="links" data-xpath="/top/data/entry[name = 'xx-00000009']/links">12</div>
  <div class="text"> </div>
  <div class="data" data-tag="user" data-xpath="/top/data/entry[name = 'xx-00000009']/user">phil</div>
  <div class="text">  </div>
  <div class="data" data-tag="group" data-xpath="/top/data/entry[name = 'xx-00000009']/group">phil</div>
  <div class="text">  </div>
  <div class="data" data-tag="flags" data-xpath="/top/data/entry[name = 'xx-00000009']/flags">123</div>
  <div class="text"> </div>
  <div class="data" data-tag="label" data-xpath="/top/data/entry[name = 'xx-00000009']/label">1234</div>
  <div class="text"> </div>
  <div class="data" data-tag="size" data-xpath="/top/data/entry[name = 'xx-00000009']/size">12345</div>
  <div class="text"> </div>
  <div class="data" data-tag="modify-time" data-xpath="/top/data/entry[name = 'xx-00000009']/modify-time"> 8 Feb 21:30</div>
  <div class="text"> </div>
  <div class="data" data-tag="name" data-xpath="/top/data/entry/name">xx-00000009</div>
</div>
<div class="line">
  <div class="label">hits</div>
  <div class="decoration">:</div>
  <div class="padding"> </div>
  <div class="data" data-tag="hits" data-xpath="/top/data/hits">72</div>
</div>
