<div class="line">
  <div class="data" data-tag="inode"> 12</div>
  <div class="text"> </div>
  <div class="data" data-tag="blocks">1234</div>
  <div class="text"> </div>
  <div class="data" data-tag="mode">mode</div>
  <div class="text"> </div>
  <div class="data" data-tag="links">12</div>
  <div class="text"> </div>
  <div class="data" data-tag="user">phil</div>
  <div class="text">  </div>
  <div class="data" data-tag="group">phil</div>
  <div class="text">  </div>
  <div class="data" data-tag="flags">123</div>
  <div class="text"> </div>
  <div class="data" data-tag="label">1234</div>
  <div class="text"> </div>
  <div class="data" data-tag="size">12345</div>
  <div class="text"> </div>
  <div class="data" data-tag="modify-time"> 8 Feb 21:30</div>
  <div class="text"> </div>
  <div class="data" data-tag="name">xx-00000000</div>
</div>
<div class="line">
  <div class="data" data-tag="inode"> 12</div>
  <div class="text"> </div>
  <div class="data" data-tag="blocks">1234</div>
  <div class="text"> </div>
  <div class="data" data-tag="mode">mode</div>
  <div class="text"> </div>
  <div class="data" data-tag="links">12</div>
  <div class="text"> </div>
  <div class="data" data-tag="user">phil</div>
  <div class="text">  </div>
  <div class="data" data-tag="group">phil</div>
  <div class="text">  </div>
  <div class="data" data-tag="flags">123</div>
  <div class="text"> </div>
  <div class="data" data-tag="label">1234</div>
  <div class="text"> </div>
  <div class="data" data-tag="size">12345</div>
  <div class="text"> </div>
  <div class="data" data-tag="modify-time"> 8 Feb 21:30</div>
  <div class="text"> </div>
  <div class="data" data-tag="name">xx-00000001</div>
</div>
<div class="line">
  <div class="data" data-tag="inode"> 12</div>
  <div class="text"> </div>
  <div class="data" data-tag="blocks">1234</div>
  <div class="text"> </div>
  <div class="data" data-tag="mode">mode</div>
  <div class="text"> </div>
  <div class="data" data-tag="links">12</div>
  <div class="text"> </div>
  <div class="data" data-tag="user">phil</div>
  <div class="text">  </div>
  <div class="data" data-tag="group">phil</div>
  <div class="text">  </div>
  <div class="data" data-tag="flags">123</div>
  <div class="text"> </div>
  <div class="data" data-tag="label">1234</div>
  <div class="text"> </div>
  <div class="data" data-tag="size">12345</div>
  <div class="text"> </div>
  <div class="data" data-tag="modify-time"> 8 Feb 21:30</div>
  <div class="text"> </div>
  <div class="data" data-tag="name">xx-00000002</div>
</div>
<div class="line">
  <div class="data" data-tag="inode"> 12</div>
  <div class="text"> </div>
  <div class="data" data-tag="blocks">1234</div>
  <div class="text"> </div>
  <div class="data" data-tag="mode">mode</div>
  <div class="text"> </div>
  <div class="data" data-tag="links">12</div>
  <div class="text"> </div>
  <div class="data" data-tag="user">phil</div>
  <div class="text">  </div>
  <div class="data" data-tag="group">phil</div>
  <div class="text">  </div>
  <div class="data" data-tag="flags">123</div>
  <div class="text"> </div>
  <div class="data" data-tag="label">1234</div>
  <div class="text"> </div>
  <div class="data" data-tag="size">12345</div>
  <div class="text"> </div>
  <div class="data" data-tag="modify-time"> 8 Feb 21:30</div>
  <div class="text"> </div>
  <div class="data" data-tag="name">xx-00000003</div>
</div>
<div class="line">
  <div class="data" data-tag="inode"> 12</div>
  <div class="text"> </div>
  <div class="data" data-tag="blocks">1234</div>
  <div class="text"> </div>
  <div class="data" data-tag="mode">mode</div>
  <div class="text"> </div>
  <div class="data" data-tag="links">12</div>
  <div class="text"> </div>
  <div class="data" data-tag="user">phil</div>
  <div class="text">  </div>
  <div class="data" data-tag="group">phil</div>
  <div class="text">  </div>
  <div class="data" data-tag="flags">123</div>
  <div class="text"> </div>
  <div class="data" data-tag="label">1234</div>
  <div class="text"> </div>
  <div class="data" data-tag="size">12345</div>
  <div class="text"> </div>
  <div class="data" data-tag="modify-time"> 8 Feb 21:30</div>
  <div class="text"> </div>
  <div class="data" data-tag="name">xx-00000004</div>
</div>
<div class="line">
  <div class="data" data-tag="inode"> 12</div>
  <div class="text"> </div>
  <div class="data" data-tag="blocks">1234</div>
  <div class="text"> </div>
  <div class="data" data-tag="mode">mode</div>
  <div class="text"> </div>
  <div class="data" data-tag="links">12</div>
  <div class="text"> </div>
  <div class="data" data-tag="user">phil</div>
  <div class="text">  </div>
  <div class="data" data-tag="group">phil</div>
  <div class="text">  </div>
  <div class="data" data-tag="flags">123</div>
  <div class="text"> </div>
  <div class="data" data-tag="label">1234</div>
  <div class="text"> </div>
  <div class="data" data-tag="size">12345</div>
  <div class="text"> </div>
  <div class="data" data-tag="modify-time"> 8 Feb 21:30</div>
  <div class="text"> </div>
  <div class="data" data-tag="name">xx-00000005</div>
</div>
<div class="line">
  <div class="data" data-tag="inode"> 12</div>
  <div class="text"> </div>
  <div class="data" data-tag="blocks">1234</div>
  <div class="text"> </div>
  <div class="data" data-tag="mode">mode</div>
  <div class="text"> </div>
  <div class="data" data-tag="links">12</div>
  <div class="text"> </div>
  <div class="data" data-tag="user">phil</div>
  <div class="text">  </div>
  <div class="data" data-tag="group">phil</div>
  <div class="text">  </div>
  <div class="data" data-tag="flags">123</div>
  <div class="text"> </div>
  <div class="data" data-tag="label">1234</div>
  <div class="text"> </div>
  <div class="data" data-tag="size">12345</div>
  <div class="text"> </div>
  <div class="data" data-tag="modify-time"> 8 Feb 21:30</div>
  <div class="text"> </div>
  <div class="data" data-tag="name">xx-00000006</div>
</div>
<div class="line">
  <div class="data" data-tag="inode"> 12</div>
  <div class="text"> </div>
  <div class="data" data-tag="blocks">1234</div>
  <div class="text"> </div>
  <div class="data" data-tag="mode">mode</div>
  <div class="text"> </div>
  <div class="data" data-tag="links">12</div>
  <div class="text"> </div>
  <div class="data" data-tag="user">phil</div>
  <div class="text">  </div>
  <div class="data" data-tag="group">phil</div>
  <div class="text">  </div>
  <div class="data" data-tag="flags">123</div>
  <div class="text"> </div>
  <div class="data" data-tag="label">1234</div>
  <div class="text"> </div>
  <div class="data" data-tag="size">12345</div>
  <div class="text"> </div>
  <div class="data" data-tag="modify-time"> 8 Feb 21:30</div>
  <div class="text"> </div>
  <div class="data" data-tag="name">xx-00000007</div>
</div>
<div class="line">
  <div class="data" data-tag="inode"> 12</div>
  <div class="text"> </div>
  <div class="data" data-tag="blocks">1234</div>
  <div class="text"> </div>
  <div class="data" data-tag="mode">mode</div>
  <div class="text"> </div>
  <div class="data" data-tag="links">12</div>
  <div class="text"> </div>
  <div class="data" data-tag="user">phil</div>
  <div class="text">  </div>
  <div class="data" data-tag="group">phil</div>
  <div class="text">  </div>
  <div class="data" data-tag="flags">123</div>
  <div class="text"> </div>
  <div class="data" data-tag="label">1234</div>
  <div class="text"> </div>
  <div class="data" data-tag="size">12345</div>
  <div class="text"> </div>
  <div class="data" data-tag="modify-time"> 8 Feb 21:30</div>
  <div class="text"> </div>
  <div class="data" data-tag="name">xx-00000008</div>
</div>
<div class="line">
  <div class="data" data-tag="inode"> 12</div>
  <div class="text"> </div>
  <div class="data" data-tag="blocks">1234</div>
  <div class="text"> </div>
  <div class="data" data-tag="mode">mode</div>
  <div class="text"> </div>
  <div class="data" data-tag="links">12</div>
  <div class="text"> </div>
  <div class="data" data-tag="user">phil</div>
  <div class="text">  </div>
  <div class="data" data-tag="group">phil</div>
  <div class="text">  </div>
  <div class="data" data-tag="flags">123</div>
  <div class="text"> </div>
  <div class="data" data-tag="label">1234</div>
  <div class="text"> </div>
  <div class="data" data-tag="size">12345</div>
  <div class="text"> </div>
  <div class="data" data-tag="modify-time"> 8 Feb 21:30</div>
  <div class="text"> </div>
  <div class="data" data-tag="name">xx-00000009</div>
</div>
<div class="line">
  <div class="label">hits</div>
  <div class="decoration">:</div>
  <div class="padding"> </div>
  <div class="data" data-tag="hits">72</div>
</div>
