<top>
  <data>
    <jack-not-name>fish</jack-not-name>
    <jack-not-name>fish</jack-not-name>
    <thing>
      <name>thing</name>
      <color>green</color>
      <time>2:15</time>
      <hand>left</hand>
      <color>blue</color>
      <time>3:45</time>
    </thing>
    <thing>
      <name>thing</name>
      <color>green</color>
      <time>2:15</time>
      <hand>left</hand>
      <color>blue</color>
      <time>3:45</time>
    </thing>
    <thing>
      <name>thing</name>
      <color>green</color>
      <time>2:15</time>
      <hand>left</hand>
      <color>blue</color>
      <time>3:45</time>
    </thing>
    <thing>
      <name>thing</name>
      <color>green</color>
      <time>2:15</time>
      <hand>left</hand>
      <color>blue</color>
      <time>3:45</time>
    </thing>
    <thing>
      <name>thing</name>
      <color>green</color>
      <time>2:15</time>
      <hand>left</hand>
      <color>blue</color>
      <time>3:45</time>
    </thing>
    <thing>
      <name>thing</name>
      <color>green</color>
      <time>2:15</time>
      <hand>left</hand>
      <color>blue</color>
      <time>3:45</time>
    </thing>
    <thing>
      <name>thing</name>
      <color>green</color>
      <time>2:15</time>
      <hand>left</hand>
      <color>blue</color>
      <time>3:45</time>
    </thing>
    <thing>
      <name>thing</name>
      <color>green</color>
      <time>2:15</time>
      <hand>left</hand>
      <color>blue</color>
      <time>3:45</time>
    </thing>
    <thing>
      <name>thing</name>
      <color>green</color>
      <time>2:15</time>
      <hand>left</hand>
      <color>blue</color>
      <time>3:45</time>
    </thing>
    <thing>
      <name>thing</name>
      <color>green</color>
      <time>2:15</time>
      <hand>left</hand>
      <color>blue</color>
      <time>3:45</time>
    </thing>
    <tagÜÖÄ3>
      <_4x4>truck</_4x4>
      <_2morrow>tomorrow</_2morrow>
    </tagÜÖÄ3>
    <tagger>
      <color>blue</color>
      <safe>yes</safe>
    </tagger>
  </data>
</top>
