<top><data><entry><name>xx-00000000</name><inode>12</inode><blocks>1234</blocks><mode>mode</mode><mode_octal>660</mode_octal><links>12</links><user>phil</user><group>phil</group><type>regular</type><flags>123</flags><label>1234</label><size>12345</size><modify-time value="1644355825">1644355825</modify-time></entry><entry><name>xx-00000001</name><inode>12</inode><blocks>1234</blocks><mode>mode</mode><mode_octal>660</mode_octal><links>12</links><user>phil</user><group>phil</group><type>regular</type><flags>123</flags><label>1234</label><size>12345</size><modify-time value="1644355825">1644355825</modify-time></entry><entry><name>xx-00000002</name><inode>12</inode><blocks>1234</blocks><mode>mode</mode><mode_octal>660</mode_octal><links>12</links><user>phil</user><group>phil</group><type>regular</type><flags>123</flags><label>1234</label><size>12345</size><modify-time value="1644355825">1644355825</modify-time></entry><entry><name>xx-00000003</name><inode>12</inode><blocks>1234</blocks><mode>mode</mode><mode_octal>660</mode_octal><links>12</links><user>phil</user><group>phil</group><type>regular</type><flags>123</flags><label>1234</label><size>12345</size><modify-time value="1644355825">1644355825</modify-time></entry><entry><name>xx-00000004</name><inode>12</inode><blocks>1234</blocks><mode>mode</mode><mode_octal>660</mode_octal><links>12</links><user>phil</user><group>phil</group><type>regular</type><flags>123</flags><label>1234</label><size>12345</size><modify-time value="1644355825">1644355825</modify-time></entry><entry><name>xx-00000005</name><inode>12</inode><blocks>1234</blocks><mode>mode</mode><mode_octal>660</mode_octal><links>12</links><user>phil</user><group>phil</group><type>regular</type><flags>123</flags><label>1234</label><size>12345</size><modify-time value="1644355825">1644355825</modify-time></entry><entry><name>xx-00000006</name><inode>12</inode><blocks>1234</blocks><mode>mode</mode><mode_octal>660</mode_octal><links>12</links><user>phil</user><group>phil</group><type>regular</type><flags>123</flags><label>1234</label><size>12345</size><modify-time value="1644355825">1644355825</modify-time></entry><entry><name>xx-00000007</name><inode>12</inode><blocks>1234</blocks><mode>mode</mode><mode_octal>660</mode_octal><links>12</links><user>phil</user><group>phil</group><type>regular</type><flags>123</flags><label>1234</label><size>12345</size><modify-time value="1644355825">1644355825</modify-time></entry><entry><name>xx-00000008</name><inode>12</inode><blocks>1234</blocks><mode>mode</mode><mode_octal>660</mode_octal><links>12</links><user>phil</user><group>phil</group><type>regular</type><flags>123</flags><label>1234</label><size>12345</size><modify-time value="1644355825">1644355825</modify-time></entry><entry><name>xx-00000009</name><inode>12</inode><blocks>1234</blocks><mode>mode</mode><mode_octal>660</mode_octal><links>12</links><user>phil</user><group>phil</group><type>regular</type><flags>123</flags><label>1234</label><size>12345</size><modify-time value="1644355825">1644355825</modify-time></entry><hits>72</hits></data></top>