{"top": {"data": {"entry": [{"name":"xx-00000000","inode":12,"blocks":1234,"mode":"mode","mode_octal":660,"links":12,"user":"phil","group":"phil","type":"regular","flags":"123","label":"1234","size":12345,"modify-time":1644355825}, {"name":"xx-00000001","inode":12,"blocks":1234,"mode":"mode","mode_octal":660,"links":12,"user":"phil","group":"phil","type":"regular","flags":"123","label":"1234","size":12345,"modify-time":1644355825}, {"name":"xx-00000002","inode":12,"blocks":1234,"mode":"mode","mode_octal":660,"links":12,"user":"phil","group":"phil","type":"regular","flags":"123","label":"1234","size":12345,"modify-time":1644355825}, {"name":"xx-00000003","inode":12,"blocks":1234,"mode":"mode","mode_octal":660,"links":12,"user":"phil","group":"phil","type":"regular","flags":"123","label":"1234","size":12345,"modify-time":1644355825}, {"name":"xx-00000004","inode":12,"blocks":1234,"mode":"mode","mode_octal":660,"links":12,"user":"phil","group":"phil","type":"regular","flags":"123","label":"1234","size":12345,"modify-time":1644355825}, {"name":"xx-00000005","inode":12,"blocks":1234,"mode":"mode","mode_octal":660,"links":12,"user":"phil","group":"phil","type":"regular","flags":"123","label":"1234","size":12345,"modify-time":1644355825}, {"name":"xx-00000006","inode":12,"blocks":1234,"mode":"mode","mode_octal":660,"links":12,"user":"phil","group":"phil","type":"regular","flags":"123","label":"1234","size":12345,"modify-time":1644355825}, {"name":"xx-00000007","inode":12,"blocks":1234,"mode":"mode","mode_octal":660,"links":12,"user":"phil","group":"phil","type":"regular","flags":"123","label":"1234","size":12345,"modify-time":1644355825}, {"name":"xx-00000008","inode":12,"blocks":1234,"mode":"mode","mode_octal":660,"links":12,"user":"phil","group":"phil","type":"regular","flags":"123","label":"1234","size":12345,"modify-time":1644355825}, {"name":"xx-00000009","inode":12,"blocks":1234,"mode":"mode","mode_octal":660,"links":12,"user":"phil","group":"phil","type":"regular","flags":"123","label":"1234","size":12345,"modify-time":1644355825}],"hits":72}}}
