 12 1234 mode 12 phil  phil  123 1234 12345  8 Feb 21:30 xx-00000000
 12 1234 mode 12 phil  phil  123 1234 12345  8 Feb 21:30 xx-00000001
 12 1234 mode 12 phil  phil  123 1234 12345  8 Feb 21:30 xx-00000002
 12 1234 mode 12 phil  phil  123 1234 12345  8 Feb 21:30 xx-00000003
 12 1234 mode 12 phil  phil  123 1234 12345  8 Feb 21:30 xx-00000004
 12 1234 mode 12 phil  phil  123 1234 12345  8 Feb 21:30 xx-00000005
 12 1234 mode 12 phil  phil  123 1234 12345  8 Feb 21:30 xx-00000006
 12 1234 mode 12 phil  phil  123 1234 12345  8 Feb 21:30 xx-00000007
 12 1234 mode 12 phil  phil  123 1234 12345  8 Feb 21:30 xx-00000008
 12 1234 mode 12 phil  phil  123 1234 12345  8 Feb 21:30 xx-00000009
hits: 72
