{
  "top": {
    "data": {
      "jack-not-name": "fish",
      "jack-not-name": "fish",
      "thing": [
        {
          "name": "thing",
          "color": "green",
          "time": "2:15",
          "hand": "left",
          "color": "blue",
          "time": "3:45"
        },
        {
          "name": "thing",
          "color": "green",
          "time": "2:15",
          "hand": "left",
          "color": "blue",
          "time": "3:45"
        },
        {
          "name": "thing",
          "color": "green",
          "time": "2:15",
          "hand": "left",
          "color": "blue",
          "time": "3:45"
        },
        {
          "name": "thing",
          "color": "green",
          "time": "2:15",
          "hand": "left",
          "color": "blue",
          "time": "3:45"
        },
        {
          "name": "thing",
          "color": "green",
          "time": "2:15",
          "hand": "left",
          "color": "blue",
          "time": "3:45"
        },
        {
          "name": "thing",
          "color": "green",
          "time": "2:15",
          "hand": "left",
          "color": "blue",
          "time": "3:45"
        },
        {
          "name": "thing",
          "color": "green",
          "time": "2:15",
          "hand": "left",
          "color": "blue",
          "time": "3:45"
        },
        {
          "name": "thing",
          "color": "green",
          "time": "2:15",
          "hand": "left",
          "color": "blue",
          "time": "3:45"
        },
        {
          "name": "thing",
          "color": "green",
          "time": "2:15",
          "hand": "left",
          "color": "blue",
          "time": "3:45"
        },
        {
          "name": "thing",
          "color": "green",
          "time": "2:15",
          "hand": "left",
          "color": "blue",
          "time": "3:45"
        }
      ],
      "tagÜÖÄ3": {
        "4x4": "truck",
        "2morrow": "tomorrow"
      },
      "tagger": {
        "color": "blue",
        "safe": "yes"
      }
    }
  }
}
