/uno[x='2']/dos[y='5']/tres/cuatro='4'
/one/two/more/even='yes'
/one/three/four='sure'
