/one/two[three='4']/output='yes'
/one/two[three='4']/four/five='6'
