/one/two[three='3']/four/foo='goo'
/one/two[three='3']/four/five/foo='goo'
/one/two[three='3']/four/five/six/foo='goo'
/one/two[three='3']/four/foo='goo'
/one/two[three='3']/foo='goo'
/uno/dos[mumble='no']/tres[test='yup']/cuatro[test='sure']/cinco/foo='goo'
/uno/dos[mumble='no']/tres[test='yup']/cuatro[test='sure']/cinco/goo='foo'
