/one/two/three/four/data = 'foo'
/one/two/three/four/five/data = 'goo'
/one/two/three/four/five/six/data = 'hoo'
/one/two/three/four/data = 'ioo'
/one/two/a/b/c/d/data = 'koo'
/one/two/three/four/data = 'moo'
